<?xml version="1.0" encoding="UTF-8"?>
<testsuites name="jest tests" tests="1" failures="1" time="1.532">
  <testsuite name="undefined" errors="0" failures="1" skipped="0" timestamp="2021-05-18T12:51:47" time="1.136" tests="1">
    <testcase classname=" Clicking on Create Task Button should add it to first stage and do nothing if input is empty" name=" Clicking on Create Task Button should add it to first stage and do nothing if input is empty" time="0.032">
      <failure>Error: expect(received).toContainHTML()

received value must be an HTMLElement or an SVGElement.
Received has type:  string
Received has value: &quot;&quot;
    at Object.toContainHTML (/Users/josesalas/dev/tango/test/a2f0bd8c-2f99-41aa-8e71-009462cbfd1d/node_modules/jest-jasmine2/node_modules/expect/build/index.js:342:33)
    at Object.&lt;anonymous&gt; (/Users/josesalas/dev/tango/test/a2f0bd8c-2f99-41aa-8e71-009462cbfd1d/src/App.test.js:39:44)
    at Object.asyncJestTest (/Users/josesalas/dev/tango/test/a2f0bd8c-2f99-41aa-8e71-009462cbfd1d/node_modules/jest-jasmine2/build/jasmineAsyncInstall.js:102:37)
    at /Users/josesalas/dev/tango/test/a2f0bd8c-2f99-41aa-8e71-009462cbfd1d/node_modules/jest-jasmine2/build/queueRunner.js:43:12
    at new Promise (&lt;anonymous&gt;)
    at mapper (/Users/josesalas/dev/tango/test/a2f0bd8c-2f99-41aa-8e71-009462cbfd1d/node_modules/jest-jasmine2/build/queueRunner.js:26:19)
    at /Users/josesalas/dev/tango/test/a2f0bd8c-2f99-41aa-8e71-009462cbfd1d/node_modules/jest-jasmine2/build/queueRunner.js:73:41
    at processTicksAndRejections (internal/process/task_queues.js:94:5)</failure>
    </testcase>
  </testsuite>
</testsuites>